../Core/Src/main.c:96:6:process_buffer	48	static
../Core/Src/main.c:126:6:play_note	32	static
../Core/Src/main.c:157:6:start_dac	88	static
../Core/Src/main.c:166:6:stop_dac	16	static
../Core/Src/main.c:187:5:main	16	static
../Core/Src/main.c:254:6:SystemClock_Config	88	static
../Core/Src/main.c:301:13:MX_I2C1_Init	8	static
../Core/Src/main.c:335:13:MX_I2S3_Init	8	static
../Core/Src/main.c:369:13:MX_TIM2_Init	32	static
../Core/Src/main.c:418:13:MX_DMA_Init	16	static
../Core/Src/main.c:436:13:MX_GPIO_Init	48	static
../Core/Src/main.c:463:6:HAL_TIM_PeriodElapsedCallback	16	static
../Core/Src/main.c:474:6:HAL_I2S_TxCpltCallback	16	static
../Core/Src/main.c:493:6:HAL_I2S_TxHalfCpltCallback	16	static
../Core/Src/main.c:512:6:Error_Handler	4	static,ignoring_inline_asm
