../Core/Src/main.c:94:6:process_buffer	48	static
../Core/Src/main.c:124:6:play_note	24	static
../Core/Src/main.c:134:6:stop_dac	8	static
../Core/Src/main.c:147:5:main	96	static
../Core/Src/main.c:211:6:SystemClock_Config	88	static
../Core/Src/main.c:258:13:MX_I2C1_Init	8	static
../Core/Src/main.c:292:13:MX_I2S3_Init	8	static
../Core/Src/main.c:326:13:MX_TIM2_Init	32	static
../Core/Src/main.c:375:13:MX_DMA_Init	16	static
../Core/Src/main.c:393:13:MX_GPIO_Init	48	static
../Core/Src/main.c:421:6:HAL_TIM_OC_DelayElapsedCallback	16	static
../Core/Src/main.c:432:6:HAL_I2S_TxCpltCallback	16	static
../Core/Src/main.c:446:6:HAL_I2S_TxHalfCpltCallback	16	static
../Core/Src/main.c:465:6:Error_Handler	4	static,ignoring_inline_asm
